---
source: coreclient/src/clients/persistence.rs
expression: "PhnxCodec::to_vec(&state).unwrap()"
extension: cbor
snapshot_kind: binary
---
