---
source: coreclient/src/clients/persistence.rs
expression: "PhnxCodec::to_vec(&*USER_CREATION_STATE_BASIC).unwrap()"
extension: cbor
snapshot_kind: binary
---
