---
source: types/src/credentials/mod.rs
expression: bytes
extension: cbor
snapshot_kind: binary
---
