---
source: common/src/crypto/ratchet/mod.rs
expression: "PersistenceCodec::to_vec(&queue_ratchet()).unwrap()"
extension: cbor
snapshot_kind: binary
---
