---
source: types/src/time.rs
expression: bytes
extension: cbor
snapshot_kind: binary
---
