---
source: types/src/keypackage_batch.rs
expression: bytes
extension: cbor
snapshot_kind: binary
---
