---
source: coreclient/src/conversations/messages/persistence.rs
expression: "PhnxCodec::to_vec(&*VERSIONED_MESSAGE).unwrap()"
extension: cbor
snapshot_kind: binary
---
