---
source: types/src/messages/client_qs.rs
expression: response_tls
extension: tls
snapshot_kind: binary
---
