---
source: coreclient/src/groups/diff.rs
expression: "AirCodec::to_vec(&*STAGED_GROUP_DIFF).unwrap()"
extension: cbor
snapshot_kind: binary
---
