---
source: coreclient/src/groups/diff.rs
expression: "&*STAGED_GROUP_DIFF"
---
{
  "leaf_signer": {
    "signing_key": {
      "signing_key": [
        1,
        2,
        3
      ],
      "verifying_key": [
        4,
        5,
        6
      ]
    },
    "credential": {
      "payload": {
        "csr": {
          "version": "Alpha",
          "user_id": {
            "uuid": "4a24017d-30f6-40d8-8294-962bb4dcfb3c",
            "domain": {
              "domain": {
                "Domain": "localhost"
              }
            }
          },
          "signature_scheme": "ED25519",
          "verifying_key": [
            7,
            8,
            9
          ]
        },
        "expiration_data": {
          "not_before": "2025-05-21T00:00:00Z",
          "not_after": "2025-05-22T00:00:00Z"
        },
        "signer_fingerprint": [
          0,
          1,
          2,
          3,
          4,
          5,
          6,
          7,
          8,
          9,
          10,
          11,
          12,
          13,
          14,
          15,
          16,
          17,
          18,
          19,
          20,
          21,
          22,
          23,
          24,
          25,
          26,
          27,
          28,
          29,
          30,
          31
        ]
      },
      "signature": [
        13,
        14,
        15
      ]
    }
  },
  "identity_link_wrapper_key": {
    "secret": [
      105,
      100,
      101,
      110,
      116,
      105,
      116,
      121,
      95,
      108,
      105,
      110,
      107,
      95,
      107,
      101,
      121,
      95,
      51,
      50,
      95,
      98,
      121,
      116,
      101,
      115,
      95,
      95,
      95,
      95,
      95,
      95
    ]
  },
  "group_state_ear_key": {
    "secret": [
      103,
      114,
      111,
      117,
      112,
      95,
      115,
      116,
      97,
      116,
      101,
      95,
      101,
      97,
      114,
      95,
      107,
      101,
      121,
      95,
      51,
      50,
      95,
      98,
      121,
      116,
      101,
      115,
      95,
      95,
      95,
      95
    ]
  }
}
