---
source: common/src/crypto/signatures/keys.rs
assertion_line: 44
expression: key
---
[
  1,
  2,
  3
]
