---
source: common/src/crypto/signatures/keys.rs
expression: "PersistenceCodec::to_vec(&key).unwrap()"
extension: cbor
snapshot_kind: binary
---
