---
source: common/src/crypto/signatures/keys.rs
assertion_line: 38
expression: "PhnxCodec::to_vec(&key).unwrap()"
extension: cbor
snapshot_kind: binary
---
