---
source: backend/src/auth_service/privacy_pass.rs
expression: "AirCodec::to_vec(&*SERVER).unwrap()"
extension: cbor
snapshot_kind: binary
---
