---
source: common/src/messages/mod.rs
expression: "PersistenceCodec::to_vec(&message).unwrap()"
extension: cbor
snapshot_kind: binary
---
