---
source: types/src/crypto/ratchet/tests.rs
expression: bytes
extension: cbor
snapshot_kind: binary
---
