---
source: common/src/crypto/mod.rs
expression: "AirCodec::to_vec(&key).unwrap()"
extension: cbor
snapshot_kind: binary
---
