---
source: common/src/crypto/mod.rs
assertion_line: 68
expression: "PhnxCodec::to_vec(&key).unwrap()"
extension: cbor
snapshot_kind: binary
---
